// Jest Snapshot v1, https://goo.gl/fbAQLP

exports[`ErrorComp Component should renders without crashing 1`] = `
<div
  className="css-rgk63j"
>
  <p>
    Error:
    <span
      className="error-message"
      data-testid="errorMessage"
    >
      There is an error
    </span>
  </p>
</div>
`;
