// Jest Snapshot v1, https://goo.gl/fbAQLP

exports[`Output Component should renders without crashing 1`] = `
Array [
  <div>
    <h5>
      Loading...
    </h5>
  </div>,
  <div>
    <h5>
      Loading...
    </h5>
  </div>,
]
`;
